<?xml version="1.0" encoding="UTF-8" standalone="no"?>
<tgo:project xmlns:tgo="com.thalesgroup.orchestra" xmlns:xsi="http://www.w3.org/2001/XMLSchema-instance" description="Development activities implemented on SPOT Business Case" icon="tree_orchestra.png" id="d52415e7-6639-4ea4-bc56-060c006fb57f" importPath="P:\Data\Desk\SampleProject4OrchestraV5\.project" lang="false" lock="false" name="SampleProject4OrchestraV5" processMap="guide.png" useRole="false" version="5.0.10.201103111746" xsi:schemaLocation="com.thalesgroup.orc.desk.manager/resources/schema/project.xsd">
    <tgo:role description="Is responsible for the project management" id="6f74beeb-ada0-4258-8b4e-cfabcfdc4ad9" name="WPM - Work Package Manager"/>
    <tgo:role description="Is responsible for configuration and change aspects." id="fbba9029-029f-4b71-abbe-86ddcad80add" name="CM - Configuration Manager"/>
    <tgo:role description="Covers the whole scope of specification and design" id="32f9f6e3-da45-451e-9b3b-5c585b6ebc26" name="SE - System Engineer"/>
    <tgo:role description="Defines the IVV strategy and manages the IVV team" id="0c460568-7398-489f-b322-569c4b061877" name="IL - IVV Leader"/>
    <tgo:role description="Performs the IVV activities as defined by the IVV Leader" id="142fcf67-6b91-4410-84b7-931b8ff09da5" name="IE - IVV Engineer"/>
    <tgo:role description="Covers all the software aspects" id="dfd5ac16-7cda-43d2-a196-e76c2e19f128" name="SD - Software Developper"/>
    <tgo:role description="Is responsible for the document identification and creation." id="024181c2-aec8-4a86-a62a-11a1acad0984" name="DM - Document Manager"/>
    <tgo:role description="Checks that the process is correctly applied on the project" id="513f60ca-4ae0-419e-a676-8661b04c7705" name="QA - Quality Engineer"/>
    <tgo:role id="f44f0564-a8ba-4689-9c7a-a7c6f3ecd0e7" name=""/>
    <tgo:user administrator="true" firstName="Jean-Yves" id="e73dd334-003a-444b-8126-f538df8176a0" lastName="LAMBOURG" login="t0007929">
        <tgo:userRole id="6f74beeb-ada0-4258-8b4e-cfabcfdc4ad9"/>
        <tgo:userRole id="fbba9029-029f-4b71-abbe-86ddcad80add"/>
        <tgo:userRole id="32f9f6e3-da45-451e-9b3b-5c585b6ebc26"/>
        <tgo:userRole id="0c460568-7398-489f-b322-569c4b061877"/>
        <tgo:userRole id="142fcf67-6b91-4410-84b7-931b8ff09da5"/>
        <tgo:userRole id="dfd5ac16-7cda-43d2-a196-e76c2e19f128"/>
        <tgo:userRole id="024181c2-aec8-4a86-a62a-11a1acad0984"/>
        <tgo:userRole id="513f60ca-4ae0-419e-a676-8661b04c7705"/>
    </tgo:user>
    <tgo:user administrator="true" firstName="trainee" id="87f9a732-9403-41c0-a3d4-0ecb308371d0" lastName="1" login="trainee1">
        <tgo:userRole id="6f74beeb-ada0-4258-8b4e-cfabcfdc4ad9"/>
        <tgo:userRole id="fbba9029-029f-4b71-abbe-86ddcad80add"/>
        <tgo:userRole id="32f9f6e3-da45-451e-9b3b-5c585b6ebc26"/>
        <tgo:userRole id="0c460568-7398-489f-b322-569c4b061877"/>
        <tgo:userRole id="142fcf67-6b91-4410-84b7-931b8ff09da5"/>
        <tgo:userRole id="dfd5ac16-7cda-43d2-a196-e76c2e19f128"/>
        <tgo:userRole id="513f60ca-4ae0-419e-a676-8661b04c7705"/>
    </tgo:user>
    <tgo:user administrator="true" firstName="trainee" id="f00bf510-f3f8-43b9-8c10-14c29e753347" lastName="2" login="trainee2">
        <tgo:userRole id="6f74beeb-ada0-4258-8b4e-cfabcfdc4ad9"/>
        <tgo:userRole id="fbba9029-029f-4b71-abbe-86ddcad80add"/>
        <tgo:userRole id="32f9f6e3-da45-451e-9b3b-5c585b6ebc26"/>
        <tgo:userRole id="0c460568-7398-489f-b322-569c4b061877"/>
        <tgo:userRole id="142fcf67-6b91-4410-84b7-931b8ff09da5"/>
        <tgo:userRole id="dfd5ac16-7cda-43d2-a196-e76c2e19f128"/>
        <tgo:userRole id="513f60ca-4ae0-419e-a676-8661b04c7705"/>
    </tgo:user>
    <tgo:user administrator="false" firstName="trainee" id="b72e203f-b656-42ae-8356-7833724c495d" lastName="3" login="trainee3"/>
    <tgo:user administrator="false" firstName="trainee" id="37b46fe9-5fb4-4bc2-a3f2-dc9b9a3a3c23" lastName="4" login="trainee4"/>
    <tgo:user administrator="false" firstName="trainee" id="65013297-fb37-4b91-a075-8c64f386886b" lastName="5" login="trainee5"/>
    <tgo:user administrator="false" firstName="trainee" id="b992b881-2f54-40fb-92bd-1e720f2b2767" lastName="6" login="trainee6"/>
    <tgo:user administrator="false" firstName="trainee" id="cb438585-d5f2-4602-b046-8292da16c4e5" lastName="7" login="trainee7"/>
    <tgo:user administrator="false" firstName="trainee" id="548b66b1-3183-4a69-88fc-10253e3fa0be" lastName="8" login="trainee8"/>
    <tgo:user administrator="false" firstName="trainee" id="9ca0bade-9834-45c3-a06f-90d3088e5b7a" lastName="9" login="trainee9"/>
    <tgo:user administrator="false" firstName="trainee" id="76482931-6a8a-4b79-b130-0acf4b53bba7" lastName="B" login="traineeB"/>
    <tgo:user administrator="false" firstName="trainee" id="3d521a7d-b172-4d6b-8499-5cc6b71f1f79" lastName="C" login="traineeC"/>
    <tgo:user administrator="false" firstName="trainee" id="428bdecf-0dc6-4186-ad2f-108398874adf" lastName="A" login="traineeA"/>
    <tgo:user administrator="true" firstName="Fabrice" id="8ee0e38c-55c0-4a95-b45e-f0e0187b9980" lastName="FAUVEL" login="t0047208">
        <tgo:userRole id="6f74beeb-ada0-4258-8b4e-cfabcfdc4ad9"/>
        <tgo:userRole id="fbba9029-029f-4b71-abbe-86ddcad80add"/>
        <tgo:userRole id="32f9f6e3-da45-451e-9b3b-5c585b6ebc26"/>
        <tgo:userRole id="0c460568-7398-489f-b322-569c4b061877"/>
        <tgo:userRole id="142fcf67-6b91-4410-84b7-931b8ff09da5"/>
        <tgo:userRole id="dfd5ac16-7cda-43d2-a196-e76c2e19f128"/>
        <tgo:userRole id="024181c2-aec8-4a86-a62a-11a1acad0984"/>
        <tgo:userRole id="513f60ca-4ae0-419e-a676-8661b04c7705"/>
    </tgo:user>
    <tgo:user administrator="false" firstName="integ" id="e041c21a-df89-46e9-b929-692430989be7" lastName="11" login="integ11"/>
    <tgo:user administrator="false" firstName="integ" id="75f06bfa-0dee-449c-932d-5b38e87ceaaa" lastName="12" login="integ12"/>
    <tgo:user administrator="false" firstName="integ" id="399a0c9d-6a7b-4293-89fb-253b2a207065" lastName="13" login="integ13"/>
    <tgo:user administrator="false" firstName="integ" id="00063ad0-51bf-47ba-9c21-32414bb3d0ea" lastName="14" login="integ14"/>
    <tgo:user administrator="false" firstName="Quentin" id="32c72ceb-f42d-4933-a06c-c2f5f8ba3751" lastName="GAUTHIER-LAFAYE" login="t0015119">
        <tgo:userRole id="6f74beeb-ada0-4258-8b4e-cfabcfdc4ad9"/>
        <tgo:userRole id="fbba9029-029f-4b71-abbe-86ddcad80add"/>
        <tgo:userRole id="32f9f6e3-da45-451e-9b3b-5c585b6ebc26"/>
        <tgo:userRole id="0c460568-7398-489f-b322-569c4b061877"/>
        <tgo:userRole id="142fcf67-6b91-4410-84b7-931b8ff09da5"/>
        <tgo:userRole id="dfd5ac16-7cda-43d2-a196-e76c2e19f128"/>
        <tgo:userRole id="024181c2-aec8-4a86-a62a-11a1acad0984"/>
        <tgo:userRole id="513f60ca-4ae0-419e-a676-8661b04c7705"/>
    </tgo:user>
    <tgo:user administrator="true" firstName="edith" id="ae33b53f-23e8-405c-8bea-c8b7f7aebbe1" lastName="rodde" login="erodde">
        <tgo:userRole id="6f74beeb-ada0-4258-8b4e-cfabcfdc4ad9"/>
        <tgo:userRole id="fbba9029-029f-4b71-abbe-86ddcad80add"/>
        <tgo:userRole id="32f9f6e3-da45-451e-9b3b-5c585b6ebc26"/>
        <tgo:userRole id="0c460568-7398-489f-b322-569c4b061877"/>
        <tgo:userRole id="142fcf67-6b91-4410-84b7-931b8ff09da5"/>
        <tgo:userRole id="dfd5ac16-7cda-43d2-a196-e76c2e19f128"/>
        <tgo:userRole id="024181c2-aec8-4a86-a62a-11a1acad0984"/>
        <tgo:userRole id="513f60ca-4ae0-419e-a676-8661b04c7705"/>
    </tgo:user>
    <tgo:user administrator="true" firstName="Laurent" id="8cce1e5b-a524-48c9-a822-78c73bddfcfd" lastName="ROCHE" login="lroche">
        <tgo:userRole id="6f74beeb-ada0-4258-8b4e-cfabcfdc4ad9"/>
        <tgo:userRole id="fbba9029-029f-4b71-abbe-86ddcad80add"/>
        <tgo:userRole id="32f9f6e3-da45-451e-9b3b-5c585b6ebc26"/>
        <tgo:userRole id="0c460568-7398-489f-b322-569c4b061877"/>
        <tgo:userRole id="142fcf67-6b91-4410-84b7-931b8ff09da5"/>
        <tgo:userRole id="dfd5ac16-7cda-43d2-a196-e76c2e19f128"/>
        <tgo:userRole id="024181c2-aec8-4a86-a62a-11a1acad0984"/>
        <tgo:userRole id="513f60ca-4ae0-419e-a676-8661b04c7705"/>
    </tgo:user>
    <tgo:variable category="Data" name="PRJ_DOC_ID-ORCSE_CCB_REPORT" value="ORCSE_CCB_REPORT"/>
    <tgo:variable category="Data" name="PRJ_DATA_HOME-METRICS_CHANGE_MNGT" value="${PRJ_DATA_HOME-ARTIFACTS_METRICS}\ChangeManagementDomain"/>
    <tgo:variable category="Data" name="PRJ_DATA_HOME-IVV_DASHBOARDS" value="${PRJ_DATA_HOME-ARTIFACTS_IVV}\Dashboards"/>
    <tgo:variable category="Data" name="PRJ_TOOL_SRV-DOORS_PORT" value="36699"/>
    <tgo:variable category="Tool" name="PRJ_TOOL_HOME-CCB" value="${PRJ_DATA_HOME-REFERENCE}\Change Mgt\CCB"/>
    <tgo:variable category="Data" name="PRJ_DATA_HOME-ARTIFACTS_IVV" value="${PRJ_DATA_HOME-ARTIFACTS}\SystemVerification"/>
    <tgo:variable category="Doc" name="PRJ_DOC_TMPL-IVV_DASHBOARD" value="${PRJ_TOOL_TMPL-IVV}\IVV_Dashboard\Dashboard.xls"/>
    <tgo:variable category="Data" name="PRJ_DOC_ID-ORCSE_CCB_INVITATION" value="ORCSE_CCB_INVITATION"/>
    <tgo:variable category="Data" name="PRJ_DATA_HOME-IVV_CAMPAIGN_REPOSITORY" value="${PRJ_DATA_HOME-ARTIFACTS_IVV}\TestCampaignRepository"/>
    <tgo:variable category="Data" name="PRJ_TOOL_URL-MODULO" value="http://${PRJ_TOOL_SRV-MODULO}/modulo/index.jsp?database=${PRJ_DATA_DB-MODULO_USER_SCHEMA}"/>
    <tgo:variable category="Data" name="PRJ_DATA_HOME-ARTIFACTS" value="${PRJ_DATA_HOME-PROJECT}Artifacts"/>
    <tgo:variable category="Data" description="Mozart Repository for CCB documents" name="PRJ_DOC_ID-REP_MOZART_CCB" value="ORCSE_CCB"/>
    <tgo:variable category="Data" name="PRJ_PATH_WSP-MODULO" value="${PRJ_DATA_HOME-SHARED}\ModuloTemp"/>
    <tgo:variable category="Data" name="PRJ_DATA_HOME-ARTIFACTS_METRICS" value="${PRJ_DATA_HOME-ARTIFACTS}\Metrics"/>
    <tgo:variable category="Data" name="PRJ_TOOL_SRV-MODULO" value="150.2.39.101:8099"/>
    <tgo:variable category="Data" name="PRJ_TOOL_TMPL-OFFICE" value="${PRJ_DATA_HOME-REFERENCE}\Office"/>
    <tgo:variable category="Tool" name="PRJ_TOOL_CMD-REQMNGT" value="${\Host\Tool\SYS_TOOL_EXE-DOORS}"/>
    <tgo:variable category="Data" name="PRJ_TOOL_TMPL-IVV" value="${PRJ_DATA_HOME-REFERENCE}\IVV"/>
    <tgo:variable category="Data" name="PRJ_DATA_HOME-ARTIFACTS_SYS_SPEC" value="${PRJ_DATA_HOME-ARTIFACTS}\SystemSpecification"/>
    <tgo:variable category="Data" name="PRJ_DATA_PRJ-PROJECT_NAME" value="SampleProject"/>
    <tgo:variable category="Data" name="PRJ_DATA_HOME-METRICS_REQ_MNGT" value="${PRJ_DATA_HOME-ARTIFACTS_METRICS}\RequirementManagementDomain"/>
    <tgo:variable category="Data" name="PRJ_TOOL_SRV-DOORS" value="${PRJ_TOOL_SRV-DOORS_PORT}@${\Host\Tool\SYS_TOOL_SRV-DOORS_SERVER_NAME}"/>
    <tgo:variable category="Data" name="PRJ_TOOL_CMD-CHANGE_MNGT" value="${\Host\Tool\SYS_TOOL_EXE-CLEARQUEST}"/>
    <tgo:variable category="Data" name="PRJ_DATA_HOME-ARTIFACTS_CONF_MNGT" value="${PRJ_DATA_HOME-ARTIFACTS}\ConfigurationManagement"/>
    <tgo:variable category="Data" name="PRJ_DATA_HOME-REFERENCE" value="${PRJ_DATA_HOME-PROJECT}Data"/>
    <tgo:variable category="Data" name="PRJ_PATH_WSP-MOZART" value="${PRJ_DATA_HOME-ARTIFACTS}\Projects"/>
    <tgo:variable category="Data" name="PRJ_DATA_HOME-ARTIFACTS_CHANGE_MNGT" value="${PRJ_DATA_HOME-ARTIFACTS}\PapeeteClearQuest"/>
    <tgo:variable category="Data" name="PRJ_DATA_DB-MODULO_TERMINATED_STATUS" value="3 - Terminated"/>
    <tgo:variable category="Data" name="PRJ_TOOL_PRJ-DOORS" value="SampleProjectForOrchestra-ModifySolution"/>
    <tgo:variable category="Data" name="PRJ_DOC_ID-ORCSE_SSS" value="ORCSE_SSS"/>
    <tgo:variable category="Data" name="PRJ_DOC_ID-ORCSE_STP" value="ORCSE_STP"/>
    <tgo:variable category="Data" name="PRJ_DOC_ID-ORCSE_STD" value="ORCSE_STD"/>
    <tgo:variable category="Data" name="PRJ_DATA_HOME-SHARED" value="${PRJ_DATA_HOME-PROJECT}Temp"/>
    <tgo:variable category="Tool" name="PRJ_TOOL_HOME-IVV" value="${\Host\Tool\SYS_TOOL_HOME-ORCHESTRA}\Thales\IVV_Management"/>
    <tgo:variable category="Data" name="PRJ_DOC_ID-ORCSE_STR" value="ORCSE_STR"/>
    <tgo:variable category="Data" name="PRJ_DATA_DB-MODULO_USER_SCHEMA" value="orchestra"/>
    <tgo:variable category="Tool" name="PRJ_TOOL_CMD-PLANNING" value="${\Host\Tool\SYS_TOOL_EXE-OCALENDAR}"/>
    <tgo:variable category="Data" name="PRJ_DATA_HOME-METRICS_IVV_MNGT" value="${PRJ_DATA_HOME-ARTIFACTS_METRICS}\IVV_ManagementDomain"/>
    <tgo:variable category="Tool" name="PRJ_TOOL_CMD-MAILING" value="${\Host\Tool\SYS_TOOL_EXE-TBIRD}"/>
    <tgo:variable category="Data" name="PRJ_DATA_HOME-PROJECT" value="P:\"/>
    <tgo:variable category="Tool" name="PRJ_TOOL_CMD-MODELLING" value="${\Host\Tool\SYS_TOOL_EXE-RHAPSODY}"/>
    <tgo:variable category="Data" name="PRJ_DATA_HOME-ARTIFACTS_CCB" value="${PRJ_DATA_HOME-ARTIFACTS_CONF_MNGT}\CCB"/>
    <tgo:variable category="Data" description="Mozart Repository for CCB documentation" name="PRJ_DOC-ORCSE_CCB_REP" value="ORCSE_CCB"/>
    <tgo:variable category="Doc" name="PRJ_DOC_TMPL-RPP_DOC" value="${PRJ_TOOL_TMPL-OFFICE}\RPP.xls"/>
    <tgo:variable category="Doc" name="PRJ_DOC_TMPL-SCCB_PREP_DOC" value="${PRJ_TOOL_TMPL-OFFICE}\ForDecisionMeeting.xls"/>
    <tgo:variable category="Data" name="PRJ_TOOL_SRV-MAIL_SRVR_ADDR" value="ef01mailhost.ef01.thales"/>
    <tgo:variable category="Data" name="PRJ_DOC_ID-REP_MOZART_IVV" value="ORCSE_IVV"/>
    <tgo:variable category="Data" name="PRJ_DATA_DB-MODULO_CCB_DOCS_HOME" value="SampleProject4Orchestra|$|Engineering activities|$|Manage changes|$|CCB"/>
    <tgo:variable category="Tool" name="PRJ_TOOL_CMD-FILE_EXPLORER" value="${\Host\Tool\SYS_TOOL_FILE_CMD-EXPLORER}"/>
    <tgo:variable category="Data" name="PRJ_TOOL_ARG-DOORS" value="-d ${PRJ_TOOL_SRV-DOORS} -p ${PRJ_TOOL_PRJ-DOORS} -u ${\User\Data\USR_TOOL_ARG-DOORS_LOGIN}"/>
    <tgo:variable category="Tool" name="PRJ_TOOL_CMD-NAVIGATOR" value="${\Host\Tool\SYS_TOOL_EXE-IE}"/>
    <tgo:actionGroup description="Help" icon="guide2.png" id="b3f6b356-b9ee-499a-b534-4e32f6f16a04" name="Help" visibleUnderServiceChilds="false">
        <tgo:roleFilter name=""/>
        <tgo:action icon="book3.png" id="c89f3fbb-3c70-46f7-9c65-c26291e2ffd9" name="Framework SUM" serviceId="Open file" visibleUnderServiceChilds="false">
            <tgo:roleFilter name=""/>
            <tgo:param description="Path of file to open" id="d89a60ef-9727-46d1-bb39-11228a2c3dd0" name="filePath" userInput="false" value="${\Host\Doc\SYS_DOC_SUM-ORCHESTRA_FRAMEWORK}"/>
        </tgo:action>
        <tgo:action icon="book3.png" id="1d0cfffb-9758-42ea-8ede-7a55df9d68db" name="Mozart SUM" serviceId="Open file" visibleUnderServiceChilds="false">
            <tgo:roleFilter name=""/>
            <tgo:param description="Path of file to open" id="c51a325b-9ede-422d-bbc2-aef13b78475e" name="filePath" userInput="false" value="${\Host\Doc\SYS_DOC_SUM-MOZART}"/>
        </tgo:action>
        <tgo:action icon="book3.png" id="161448ee-9931-439a-9d1f-70d992727049" name="CHARM SUM" serviceId="Open file" visibleUnderServiceChilds="false">
            <tgo:roleFilter name=""/>
            <tgo:param description="Path of file to open" id="56f9f097-989a-4a23-86fc-8f3ebb6e013f" name="filePath" userInput="false" value="${\Host\Doc\SYS_DOC_SUM-CHARM}"/>
        </tgo:action>
        <tgo:action icon="book3.png" id="6757dc24-fb3f-422b-8ac1-534c10a1675b" name="UCM Guide" serviceId="Open file" visibleUnderServiceChilds="false">
            <tgo:roleFilter name=""/>
            <tgo:param description="Path of file to open" id="d7de3aba-a25a-4896-82eb-2130f08c797e" name="filePath" userInput="false" value="${\Host\Doc\SYS_DOC_SUM-CLEARCASE_UCM}"/>
        </tgo:action>
        <tgo:action icon="book3.png" id="43f90803-f098-4674-bd2f-c0c2bf090654" name="Modulo SUM" serviceId="Open file" visibleUnderServiceChilds="false">
            <tgo:roleFilter name=""/>
            <tgo:param description="file to open" id="1d33b45c-33a9-4684-81aa-8ba3e6149aaf" name="filePath" userInput="false" value="${\Host\Doc\SYS_DOC_SUM-MODULO}"/>
        </tgo:action>
    </tgo:actionGroup>
    <tgo:action icon="mail4.png" id="b728f4f5-126f-413b-bd33-bfe6a525576f" name="Mail to Support" serviceId="Open URL" visibleUnderServiceChilds="false">
        <tgo:roleFilter name=""/>
        <tgo:param description="URL to open" id="8c4a9941-e093-45ac-aaa1-f43687d24bfd" name="url" userInput="false" value="mailto:local.support@thalesgroup.com"/>
    </tgo:action>
    <tgo:action icon="bug.png" id="4cfd067e-1add-462c-ac4e-45fea5761943" name="Submit a problem" serviceId="Create defect in Change Management" visibleUnderServiceChilds="false">
        <tgo:roleFilter name=""/>
        <tgo:param description="Absolute path of the clearquest project file" id="729c526d-8d43-40f8-a00a-314391158070" name="projectFilePath" userInput="false" value="${PRJ_DATA_HOME-ARTIFACTS_CHANGE_MNGT}\SampleProject.clearquest"/>
    </tgo:action>
    <tgo:action icon="data_collection4.png" id="aa5d1e7c-0a7b-4f0a-9682-adbefdb9e4cf" name="Access published documents" serviceId="Open URL" visibleUnderServiceChilds="false">
        <tgo:roleFilter name=""/>
        <tgo:param description="URL to open" id="b6723b2a-ee8c-46b0-adde-94ce7dfbb082" name="url" userInput="false" value="${PRJ_TOOL_URL-MODULO}"/>
    </tgo:action>
    <tgo:actionGroup description="Access my &quot;to do&quot; list" icon="taskcoach.png" id="bf4bd88c-6f41-4541-975f-4622b6c569f9" name="My ToDo Lists" visibleUnderServiceChilds="false">
        <tgo:roleFilter name=""/>
        <tgo:action description="View all the change requests that I should work on" icon="taskcoach.png" id="2c4b0583-a25b-4a4f-ae01-f8905ce6e372" name="My pending list" serviceId="Load artifact in extractor view" visibleUnderServiceChilds="false">
            <tgo:roleFilter name=""/>
            <tgo:param description="Exceute the Query Public Queries/MyPendingList" id="07aedc81-50fc-46fa-8684-cf0affe32cf2" name="uri" userInput="false" value="orchestra://Clearquest/PapeeteClearQuest%2FSampleProject/Query/Public%20Queries%2FMyPendingList"/>
            <tgo:param description="Title of the view where the request is going to be displayed." id="dc8a6677-f866-495b-9b67-c9bb16c490bb" name="newViewTitleName" userInput="false" value="My pending list"/>
        </tgo:action>
        <tgo:action description="View the status of all the change requests I submitted" icon="taskcoach.png" id="40097f37-b6e6-41a6-bf0f-059477a5abb5" name="My submited list" serviceId="Open URL" visibleUnderServiceChilds="false">
            <tgo:roleFilter name=""/>
            <tgo:param description="URL to open" id="4f240dd9-b6a8-4690-a382-7438df3ffb77" name="url" userInput="false" value="http://vmo20/cqweb/#/7.0.0/prod/QUERY/33556434&amp;format=HTML&amp;noframes=true"/>
        </tgo:action>
    </tgo:actionGroup>
    <tgo:action icon="chorus2.png" id="31cfefc0-da15-4f0b-84ea-c8081699b82f" name="Chorus" serviceId="Open URL" visibleUnderServiceChilds="false">
        <tgo:roleFilter name=""/>
        <tgo:param description="URL to open" id="16e22571-7261-48ac-beaf-c37ff2f95683" name="url" userInput="false" value="http://info.tisfr.thales/services_portal_fr/library/chorus/export_div/index_doc.htm"/>
    </tgo:action>
    <tgo:action icon="logo_orchestra.png" id="678075a4-95ff-4382-981f-b5b3e926bb67" name="Orchestra intranet" serviceId="Open URL" visibleUnderServiceChilds="false">
        <tgo:roleFilter name=""/>
        <tgo:param description="URL to open" id="153031bc-18b9-4999-88e3-7bc2b84a18a1" name="url" userInput="false" value="http://intranet.corp.thales/orchestra"/>
    </tgo:action>
    <tgo:action description="Launch ClearQuest tool" icon="clearquest.gif" id="edc854f4-7a7a-475c-a068-ce98c9122fbb" name="ClearQuest" serviceId="Program launcher" visibleUnderServiceChilds="false">
        <tgo:roleFilter name=""/>
        <tgo:param description="Command to launch. (Do not add program arguments here.)" id="c2e2d461-483a-48c1-bccc-56f45e9062bb" name="command" userInput="false" value="${\Host\Tool\SYS_TOOL_EXE-CLEARQUESTrcp}"/>
    </tgo:action>
    <tgo:action id="85cb537d-a2f1-4aca-bf15-1b893ac72faa" name="Migrate Doors URI" serviceId="Migration of Doors Identifiers" visibleUnderServiceChilds="false">
        <tgo:roleFilter name=""/>
        <tgo:roleFilter name="DM - Document Manager"/>
        <tgo:roleFilter name="SD - Software Developper"/>
        <tgo:roleFilter name="IE - IVV Engineer"/>
        <tgo:roleFilter name="QA - Quality Engineer"/>
        <tgo:roleFilter name="SE - System Engineer"/>
        <tgo:roleFilter name="WPM - Work Package Manager"/>
        <tgo:roleFilter name="CM - Configuration Manager"/>
        <tgo:roleFilter name="IL - IVV Leader"/>
        <tgo:param description="The path to the documentary project on which apply the migration.&#13;&#10;Example: D:\Orchestra_Data\artifacts\Projects\My Project" id="b710516f-5e9e-4638-a4ac-ad782572d994" name="Documentary Project Path" userInput="false" value="P:\Artifacts\Projects\ORCSE_SSS\ORCSE_SSS"/>
        <tgo:param description="The source doors data base id.&#13;&#10;Example : DOORS Database_da2f2188" id="d1741233-377a-4f85-9709-db87e559eab9" name="Source Data Base Id" userInput="false" value="DOORS Database_f6492f44/SampleProjectForOrchestra-Seq3.3-Seq4-Seq5"/>
        <tgo:param description="The target doors data base id.&#13;&#10;Example : DOORS Database_ef3g3299" id="c1841368-3b72-4c3e-9470-7dc023e0d159" name="Target Data Base Id" userInput="false" value="SampleProjectForOrchestra"/>
        <tgo:param description="The list of source module id.&#13;&#10;Elements of the list are separated with ';'.&#13;&#10;Example: 000006cb;000006cc;000006db;000006cd" id="0bf4de09-e864-4ce0-b86a-38268e7dc810" name="Source Module Id" userInput="false" value="00000180;000001c0"/>
        <tgo:param description="The list of old module id.&#13;&#10;Elements of the list are separated with ';'.&#13;&#10;Example: 000007gg;000007hh;000007gj;000007jh" id="b89197e8-7f75-4bed-a93d-f72739c73356" name="Target Module Id" userInput="false" value="4a30ceeb76181b63.00000180;4a30ceeb76181b63.000001c0"/>
    </tgo:action>
    <tgo:activity description="Find here all the engineering activities (specification, design, IVV...)" icon="building.png" id="4b3d3cda-3599-49a7-8948-b649eba55e5f" name="Engineering activities" processMap="DevelopSolution-EN-EngineeringActivities.png">
        <tgo:roleFilter name=""/>
        <tgo:activity description="Manage the context level of the solution, specify the solution" icon="building.png" id="fda67800-241d-46d5-991e-becb54c07c35" name="Analyse customer needs &amp; define system requirements" processMap="DevelopSolution-EN-CustomerNeedsAndSystemRequirements.png">
            <tgo:roleFilter name=""/>
            <tgo:activity description="Identify customer requirements, define the boundaries and establish the system requirements" icon="tree_requirements.png" id="531a2471-58d4-40ea-b799-204ad8d95b87" name="Establish specification">
                <tgo:roleFilter name=""/>
                <tgo:actionGroup description="Focus on customer needs, make sure you speak the same language" icon="handshake3.png" id="37359de0-45f3-45c0-b0a6-1288e6f73e7f" name="Identify customer needs" visibleUnderServiceChilds="false">
                    <tgo:roleFilter name=""/>
                    <tgo:action description="From the customer RFP, identify the requirements" icon="requirements.png" id="4586bf41-682f-40a5-ba96-733ac20da29e" name="Identify customer requirements" serviceId="Open URL" visibleUnderServiceChilds="false">
                        <tgo:roleFilter name=""/>
                        <tgo:param description="URL to open. &#13;&#10;Used the syntax : &#13;&#10;Module Customer Needs - View 10.Document view&#13;&#10;" id="49b8e53d-5240-4139-aeb9-d0afb0d15492" name="url" userInput="false" value="orchestra://Doors/DOORS%20Database%5Ff6492f44%2FSampleProjectForOrchestra%2DSeq3%2E3%2DSeq4%2DSeq5/View/00000180%2110%2E%20Document%20view"/>
                    </tgo:action>
                    <tgo:action description="Define all the the system views and operational scenarios" icon="orga.png" id="d282be5f-844b-49c9-b79b-a0e96abd21a7" name="Model achitecture context" serviceId="Open URL" visibleUnderServiceChilds="false">
                        <tgo:roleFilter name=""/>
                        <tgo:param description="SetTime in SystemScenarioViews in WakaUpSolution" id="02aa0a08-3f53-40c0-a312-7f54b082d8ab" name="url" userInput="false" value="${\Host\Data\GEN_DATA_URL.Model_Architecture_Context}"/>
                    </tgo:action>
                </tgo:actionGroup>
                <tgo:action description="Identify Missions, capabilities and requirements and establish traceability towards customer requirements" icon="requirements.png" id="14542715-1f92-4314-b8ed-09c434e8f69d" name="Identify system requirements and establish traceability" serviceId="Open URL" visibleUnderServiceChilds="false">
                    <tgo:roleFilter name=""/>
                    <tgo:param description="Module System specification - Vue: 10.Document view" id="c4159389-70fd-4c92-9830-660e7ae33556" name="url" userInput="false" value="orchestra://Doors/DOORS%20Database%5Ff6492f44%2FSampleProjectForOrchestra%2DSeq3%2E3%2DSeq4%2DSeq5/Module/000001c0"/>
                </tgo:action>
                <tgo:actionGroup icon="check2.png" id="5435b088-ddeb-46c7-88ab-f4d6372ccf67" name="Prepare verification" visibleUnderServiceChilds="false">
                    <tgo:roleFilter name=""/>
                    <tgo:action icon="sign6.png" id="de918010-16cc-41d6-b2c8-0c81852cbed4" name="Define test strategy" serviceId="Open file" visibleUnderServiceChilds="false">
                        <tgo:roleFilter name=""/>
                        <tgo:param description="file to open" id="077c7f6c-1b52-4679-b0b9-b7bd9b33da07" name="filePath" userInput="false" value="${PRJ_DATA_HOME-ARTIFACTS_IVV}\SystemVerification.doc"/>
                    </tgo:action>
                    <tgo:action icon="check2.png" id="3ac406df-3046-4f50-84e1-3f338b515119" name="Define test objectives" serviceId="Open URL" visibleUnderServiceChilds="false">
                        <tgo:roleFilter name=""/>
                        <tgo:param description="URL to open. &#13;&#10;Used the syntax : &#13;&#10;For a file: file:///FilePath (ex: file:///C:\Program Files)&#13;&#10;For an URL : http://URL (ex: http://www.google.fr)" id="e0b23e0f-f589-4e28-9051-8ec53546e807" name="url" userInput="false" value="orchestra://Doors/DOORS%20Database%5Ff6492f44%2FSampleProjectForOrchestra%2DSeq3%2E3%2DSeq4%2DSeq5/Module/000001e1"/>
                    </tgo:action>
                </tgo:actionGroup>
            </tgo:activity>
            <tgo:activity description="Review the specification before officialisation" icon="tree_docreview.png" id="91184638-c062-4e64-be84-98e1beffce3b" name="Review specification">
                <tgo:roleFilter name=""/>
                <tgo:variable category="Data" name="PRJ_DATA_HOME-SHARED" value="${PRJ_DATA_HOME-PROJECT}Temp"/>
                <tgo:variable category="Data" name="PRJ_DATA_HOME-REFERENCE" value="${PRJ_DATA_HOME-PROJECT}Data"/>
                <tgo:actionGroup icon="help.png" id="fbc526db-3f2a-4b9d-83a5-edbf84327f78" name="Guides" visibleUnderServiceChilds="false">
                    <tgo:roleFilter name=""/>
                    <tgo:action icon="book1.png" id="2f6a32cd-e095-4739-987c-049eabdc526e" name="Peer review guide" serviceId="Open URL" visibleUnderServiceChilds="false">
                        <tgo:roleFilter name=""/>
                        <tgo:param description="URL to open. &#10;Used the syntax : &#10;For a file: file:///FilePath (ex: file:///C:\Program Files)&#10;For an URL : http://URL (ex: http://www.google.fr)" id="0fb65feb-e8e3-421b-a37e-70a4bc005fc2" name="url" userInput="false" value="http://modref.trt.thales/modulo/webservice?servicename=fileget&amp;database=modref&amp;number=TH/00115"/>
                    </tgo:action>
                </tgo:actionGroup>
                <tgo:actionGroup icon="softMan.png" id="bcd4cc46-2684-4776-8c09-9caccd1fb242" name="Prepare review (author)" visibleUnderServiceChilds="false">
                    <tgo:roleFilter name=""/>
                    <tgo:action icon="calendar.png" id="a3f95e48-8299-4864-83c7-083af347efbc" name="Schedule review" serviceId="Program launcher" visibleUnderServiceChilds="false">
                        <tgo:roleFilter name=""/>
                        <tgo:param description="Command to launch. (Do not add program arguments here.)" id="b8357544-6ecc-4be3-868a-7c5914856da2" name="command" userInput="false" value="${\Host\Tool\SYS_TOOL_EXE-OCALENDAR}"/>
                    </tgo:action>
                    <tgo:action icon="book7.png" id="7443ad16-66f0-489a-bf69-31013c832059" name="Create review form" serviceId="Create spreadsheet from template" visibleUnderServiceChilds="false">
                        <tgo:roleFilter name=""/>
                        <tgo:param description="Path of template to use" id="f4105048-e71f-4fe3-815b-cecb2fc4185b" name="templateFilePath" userInput="false" value="${PRJ_DOC_TMPL-RPP_DOC}"/>
                        <tgo:param description="Repository path where to create document" id="14d6b5c7-a764-47cd-b3d2-7e1d0683174c" name="destinationFolderPath" userInput="false" value="${PRJ_DATA_HOME-ARTIFACTS_SYS_SPEC}\Reviews"/>
                    </tgo:action>
                    <tgo:action icon="update3.png" id="a664e664-fcc2-4eee-aa5c-1fd3a06bb5de" name="Update review form" serviceId="Program launcher" visibleUnderServiceChilds="false">
                        <tgo:roleFilter name=""/>
                        <tgo:param description="Command to launch. (Do not add program arguments here.)" id="6698828d-cfb9-4813-9e3b-e495282d59e0" name="command" userInput="false" value="${\Host\Tool\SYS_TOOL_FILE_CMD-EXPLORER}"/>
                        <tgo:param description="When you add an argument containing spaces (a path for example), enclose argument using double-quotes (“)" id="8571b3fb-3ee9-4c4b-9f5a-cff857f28b72" name="arg1" userInput="false" value="${PRJ_DATA_HOME-ARTIFACTS_SYS_SPEC}\Reviews"/>
                    </tgo:action>
                    <tgo:action description="Prepare the body of the inviting mail" icon="writeDoc.png" id="26f75af3-f118-481a-8156-c67700fe2f75" name="Prepare invitation" serviceId="Program launcher" visibleUnderServiceChilds="false">
                        <tgo:roleFilter name=""/>
                        <tgo:param description="Command to launch. (Do not add program arguments here.)" id="3c9f5dad-65bf-497d-9993-7aeb38b5b31f" name="command" userInput="false" value="${PRJ_DATA_HOME-REFERENCE}\Reviews\CreateBody.cmd"/>
                        <tgo:param description="When you add an argument containing spaces (a path for example), enclose argument using double-quotes (“)" id="2edff00f-d6fe-42bd-ba71-2c70c999d937" name="arg1" userInput="false" value="${PRJ_DATA_HOME-ARTIFACTS_SYS_SPEC}\Reviews"/>
                    </tgo:action>
                    <tgo:action description="Inform peers that the peer review form is available and they need to work" icon="mail4.png" id="cc863cc5-5011-48ab-ae7a-6df39d6e0172" name="Invite peers" serviceId="Send mail" visibleUnderServiceChilds="false">
                        <tgo:roleFilter name=""/>
                        <tgo:param description="Address of the mailing server." id="86fb00db-ec1a-4ba1-b27f-bbc7b595049a" name="emailServerAddress" userInput="false" value="${PRJ_TOOL_SRV-MAIL_SRVR_ADDR}"/>
                        <tgo:param description="Sender's Internet address." id="b879d6cb-564c-49bc-80d0-9043ef7c4bf9" name="from" userInput="false" value="${\User\Data\USR_DATA_MAIL-USER_ADDRESS}"/>
                        <tgo:param description="Subject of the message." id="7fb40b2f-af95-4801-ae82-13dd3bb9fc2f" name="subject" userInput="true" value="&lt;doc title&gt; review scheduled for &lt;date and time&gt;"/>
                        <tgo:param description="List of contact : free text or ASCI file." id="fb7d1a25-c18b-4cab-9685-bee62391cdb8" name="to" userInput="true" value="peer1;peer2"/>
                        <tgo:param description="Content of the message." id="bbec3ba4-d916-4b23-a8c0-d7e4c86b561f" name="bodyFilePath" userInput="false" value="${PRJ_DATA_HOME-REFERENCE}\Reviews\ReviewBody.txt"/>
                    </tgo:action>
                    <tgo:action description="Consolidate and analyse the defects to prepare the meeting" icon="review2.png" id="c7d58d62-d11a-4692-a75e-8c53c462123b" name="Consolidate reviewers sheets" serviceId="Program launcher" visibleUnderServiceChilds="false">
                        <tgo:roleFilter name=""/>
                        <tgo:param description="Command to launch. (Do not add program arguments here.)" id="aced7b5f-08fa-4d5e-8b66-7b4dd35333cb" name="command" userInput="false" value="${\Host\Tool\SYS_TOOL_FILE_CMD-EXPLORER}"/>
                        <tgo:param description="When you add an argument containing spaces (a path for example), enclose argument using double-quotes (“)" id="02b3751d-27c2-4c56-9484-deb86a9fd5e5" name="arg1" userInput="false" value="${PRJ_DATA_HOME-ARTIFACTS_SYS_SPEC}\Reviews"/>
                    </tgo:action>
                </tgo:actionGroup>
                <tgo:actionGroup icon="meeting5.png" id="8d5710f8-f6b1-496b-ba0e-fdc72d6ff8f2" name="Lead review" visibleUnderServiceChilds="false">
                    <tgo:roleFilter name=""/>
                    <tgo:action description="Record review decisions in the review form" icon="update3.png" id="b9b0e999-ed7b-43f8-a142-2eaf231bdb7b" name="Update review form" serviceId="Program launcher" visibleUnderServiceChilds="false">
                        <tgo:roleFilter name=""/>
                        <tgo:param description="Command to launch. (Do not add program arguments here.)" id="9c52033f-4030-4b16-9c89-e3f8497ab375" name="command" userInput="false" value="${\Host\Tool\SYS_TOOL_FILE_CMD-EXPLORER}"/>
                        <tgo:param description="When you add an argument containing spaces (a path for example), enclose argument using double-quotes (“)" id="207b2c41-984b-4b57-aa0b-f1ea0f679abd" name="arg1" userInput="false" value="${PRJ_DATA_HOME-ARTIFACTS_SYS_SPEC}\Reviews"/>
                    </tgo:action>
                </tgo:actionGroup>
                <tgo:actionGroup icon="update3.png" id="d77b50af-9b46-424f-b349-aa6634e97b2d" name="Check after review" visibleUnderServiceChilds="false">
                    <tgo:roleFilter name=""/>
                    <tgo:action description="Check and record that accepted changes have been made" icon="update3.png" id="c77b1d0e-065b-49d2-a90a-3e8b41e0cda5" name="Update review form" serviceId="Program launcher" visibleUnderServiceChilds="false">
                        <tgo:roleFilter name=""/>
                        <tgo:param description="Command to launch. (Do not add program arguments here.)" id="45e818a8-ca0d-40f8-b501-604408019d06" name="command" userInput="false" value="${\Host\Tool\SYS_TOOL_FILE_CMD-EXPLORER}"/>
                        <tgo:param description="When you add an argument containing spaces (a path for example), enclose argument using double-quotes (“)" id="d70f92f8-315a-4334-9099-8b2c68315116" name="arg1" userInput="false" value="${PRJ_DATA_HOME-ARTIFACTS_SYS_SPEC}\Reviews"/>
                    </tgo:action>
                </tgo:actionGroup>
                <tgo:actionGroup icon="finish.png" id="314b378e-ee90-46f0-a718-e3c2fd3f0b92" name="Close review" visibleUnderServiceChilds="false">
                    <tgo:roleFilter name=""/>
                    <tgo:action description="Consolidate the data and evaluate the review" icon="update3.png" id="854e0a68-ce08-461b-a406-0e02dfe83624" name="Update review form" serviceId="Program launcher" visibleUnderServiceChilds="false">
                        <tgo:roleFilter name=""/>
                        <tgo:param description="Command to launch. (Do not add program arguments here.)" id="9e41aba1-0f57-4cb3-8fad-909976c2c75e" name="command" userInput="false" value="${\Host\Tool\SYS_TOOL_FILE_CMD-EXPLORER}"/>
                        <tgo:param description="When you add an argument containing spaces (a path for example), enclose argument using double-quotes (“)" id="bf0d40c4-0270-4593-9f2c-9656d978b66d" name="arg1" userInput="false" value="${PRJ_DATA_HOME-ARTIFACTS_SYS_SPEC}\Reviews"/>
                    </tgo:action>
                </tgo:actionGroup>
            </tgo:activity>
            <tgo:activity description="Officialise the end of the specification phase and the tranfer to design (Note: not available in this sample)" icon="tree_milestone.png" id="e98a20b4-7d14-453a-b402-c09a37eb3c47" name="Perform the SSR">
                <tgo:roleFilter name=""/>
            </tgo:activity>
            <tgo:activity description="Produce the specification documents based on the engineering data produced during this phase" icon="tree_publish7.png" id="ad3237bf-0c0b-4e3d-909c-64a7004969de" name="Produce the related documents">
                <tgo:roleFilter name=""/>
                <tgo:actionGroup description="Create a new document based on the engineering data" icon="book3.png" id="45190a84-4698-4dd0-98b3-2a67e2e9a19c" name="Document definition" visibleUnderServiceChilds="false">
                    <tgo:roleFilter name=""/>
                    <tgo:action description="Define what are the needed engineering data and how the document shall be published" icon="book3.png" id="abd119b6-c4fe-4843-af26-c5cca6275a8c" name="Configure the document generation" serviceId="Open documentary project" visibleUnderServiceChilds="false">
                        <tgo:roleFilter name=""/>
                        <tgo:param description="Documentary project name" id="d396c275-1eae-4600-ab78-593286cae96f" name="projectName" userInput="false" value="${PRJ_DOC_ID-ORCSE_SSS}"/>
                    </tgo:action>
                </tgo:actionGroup>
                <tgo:action description="Update the document properties" icon="create.png" id="0664c975-ff20-46b4-a48d-8fe22b00baf5" name="Update identity card" serviceId="Change documentary project properties" visibleUnderServiceChilds="false">
                    <tgo:roleFilter name=""/>
                    <tgo:param description="Name of the documentary project. &#13;&#10;Example: &quot;myProject&quot;" id="4b0f7b6d-5254-4eb5-80ff-20e8246b427e" name="projectName" userInput="false" value="${PRJ_DOC_ID-ORCSE_SSS}"/>
                </tgo:action>
                <tgo:action description="Generate a new release of an existing document" icon="build.png" id="045c9cca-1990-4f11-bfde-2e93e290b47c" name="Generate the new release" serviceId="Regenerate composite document" visibleUnderServiceChilds="false">
                    <tgo:roleFilter name=""/>
                    <tgo:param description="Documentary project name" id="3d4c36e7-9bb6-471e-a377-b4b9ec7a6759" name="projectName" userInput="false" value="${PRJ_DOC_ID-ORCSE_SSS}"/>
                </tgo:action>
                <tgo:action description="View the current version of a generated document" icon="publish7.png" id="fa1af00a-1310-477f-b977-7a8701a48c80" name="Access the generated document" serviceId="Open composite document" visibleUnderServiceChilds="false">
                    <tgo:roleFilter name=""/>
                    <tgo:param description="Documentary project name" id="282367de-95e1-4b09-aca4-251ad58cdfa9" name="projectName" userInput="false" value="${PRJ_DOC_ID-ORCSE_SSS}"/>
                </tgo:action>
                <tgo:action description="Access the other artefacts needed for document production" icon="data_collection4.png" id="83dc383a-626a-4e6c-a9fd-ed93bf30f810" name="Other artefacts" serviceId="Program launcher" visibleUnderServiceChilds="false">
                    <tgo:roleFilter name=""/>
                    <tgo:param description="Command to launch. (Do not add program arguments here.)" id="b9bb1152-5d8b-4ee3-9c0f-67a7f5d650da" name="command" userInput="false" value="${\Host\Tool\SYS_TOOL_FILE_CMD-EXPLORER}"/>
                    <tgo:param description="When you add an argument containing spaces (a path for example), enclose argument using double-quotes (“)" id="4aed2011-f361-4d9a-8717-66a0420ffcf7" name="arg1" userInput="false" value="${PRJ_DATA_HOME-ARTIFACTS_SYS_SPEC}"/>
                </tgo:action>
            </tgo:activity>
        </tgo:activity>
        <tgo:activity description="Work on logical and physical architectures, define the EPBS level" id="f798058e-ef98-47ce-bafd-f7c6b89ca6c2" name="Design the solution" processMap="DevelopSolution-EN-DesignSolution.png">
            <tgo:roleFilter name=""/>
            <tgo:activity description="Work on the logical architecture of the system" icon="tree_dirtree.gif" id="3406d4e7-2ed3-4889-94ca-7b6b9048e936" name="Define logical architecture">
                <tgo:roleFilter name=""/>
                <tgo:action description="Define all the logical components of the system" icon="orga.png" id="f1758890-08fc-4680-b7d2-710fa36a5a9b" name="Model logical architecture" serviceId="Open URL" visibleUnderServiceChilds="false">
                    <tgo:roleFilter name=""/>
                    <tgo:param description="Logical architecture&#13;&#10;" id="962184ff-38ee-4fb6-9070-48d8658256df" name="url" userInput="false" value="${\Host\Data\GEN_DATA_URL.Model_Logical_Architecture}"/>
                </tgo:action>
            </tgo:activity>
            <tgo:activity description="Work on the physical architecture of the system" icon="tree_dirtree.gif" id="7eab1eb0-2773-4ca2-86ef-5bff508a6edb" name="Define physical architecture">
                <tgo:roleFilter name=""/>
                <tgo:action description="Define all the physical components of the system" icon="orga.png" id="4139fd28-e79e-4805-982a-8ddf985c6757" name="Model physical architecture" serviceId="Open URL" visibleUnderServiceChilds="false">
                    <tgo:roleFilter name=""/>
                    <tgo:param description="Physical Architecture" id="ea1a9536-b9e5-4f8c-84ef-06f852abef71" name="url" userInput="false" value="${\Host\Data\GEN_DATA_URL.Model_Physical_Architecture}"/>
                </tgo:action>
            </tgo:activity>
            <tgo:activity description="Define the configuration items and, given the system design, allocate system requirements to sub-systems" icon="tree_orga.png" id="dc6b078a-b9a3-4a3b-b831-5023e3e819ac" name="Define configuration items and allocate requirements">
                <tgo:roleFilter name=""/>
                <tgo:action description="Define the configuration items" icon="orga.png" id="d0bc3310-8b5b-46dd-a780-5d16a22bd538" name="Define configuration items" serviceId="Open URL" visibleUnderServiceChilds="false">
                    <tgo:roleFilter name=""/>
                    <tgo:param description="End Product BreakDown Structure&#13;&#10;" id="9a9e5437-4bce-4126-95e6-7c1b163a7a5d" name="url" userInput="false" value="${\Host\Data\GEN_DATA_URL.Define_Configuration_Items}"/>
                </tgo:action>
                <tgo:action description="Allocate system requirements to configuration items" icon="requirements.png" id="d5221442-2a79-43f8-a86c-00af17b09677" name="Allocate requirements" serviceId="Open URL" visibleUnderServiceChilds="false">
                    <tgo:roleFilter name=""/>
                    <tgo:param description="URL to open. &#13;&#10;Used the syntax : &#13;&#10;For a file: file:///FilePath (ex: file:///C:\Program Files)&#13;&#10;For an URL : http://URL (ex: http://www.google.fr)" id="aefca46e-de2b-4418-9a70-7e74c049efb0" name="url" userInput="false" value="${\Host\Data\GEN_DATA_URL.Allocate_Requirements}"/>
                </tgo:action>
                <tgo:action description="Establish the sub-system requirements and provide the traceability to system requirements" icon="requirements.png" id="af6cb4e4-e509-4b14-8c54-21604bd8f244" name="Establish / access sub-systems requirements" serviceId="Open URL" visibleUnderServiceChilds="false">
                    <tgo:roleFilter name=""/>
                    <tgo:param description="URL to open. &#13;&#10;Used the syntax : &#13;&#10;For a file: file:///FilePath (ex: file:///C:\Program Files)&#13;&#10;For an URL : http://URL (ex: http://www.google.fr)" id="afbbcef6-7fb1-4e71-bc6a-2ab50c774b64" name="url" userInput="false" value="orchestra://Doors/DOORS%20Database%5Ff6492f44%2FSampleProjectForOrchestra%2DSeq3%2E3%2DSeq4%2DSeq5/Folder/00000054"/>
                </tgo:action>
            </tgo:activity>
        </tgo:activity>
        <tgo:activity description="Check that the systems behaves as defined in the system requirements" id="41ca411e-466e-4d8a-8b57-a41efb38efb4" name="Verify the solution" processMap="DevelopSolution-EN-VerifySystem.png">
            <tgo:roleFilter name=""/>
            <tgo:activity description="Define the content of a test campaign (which tests to perform)" icon="tree_check2.png" id="25d01639-13dc-4f9a-abf4-c3c91d7d5a64" name="Define test campaign">
                <tgo:roleFilter name=""/>
                <tgo:action icon="sign6.png" id="bc50c0f5-4b85-4200-8d8e-a141031be0e7" name="Access test strategy" serviceId="Open file" visibleUnderServiceChilds="false">
                    <tgo:roleFilter name=""/>
                    <tgo:param description="file to open" id="85cdaf8b-fabd-45f4-bb19-aa638fd8bbcc" name="filePath" userInput="false" value="${PRJ_DATA_HOME-ARTIFACTS_IVV}\SystemVerification.doc"/>
                </tgo:action>
                <tgo:action description="Identify the tests and their objectives, define which tests are part of the tests campaigns" icon="check1.png" id="df3f11d2-216c-4f9f-8e75-655a9ae62d08" name="Identify tests and allocate to test campaign" serviceId="Open URL" visibleUnderServiceChilds="false">
                    <tgo:roleFilter name=""/>
                    <tgo:param description="URL to open. &#13;&#10;Used the syntax : &#13;&#10;For a file: file:///FilePath (ex: file:///C:\Program Files)&#13;&#10;For an URL : http://URL (ex: http://www.google.fr)" id="af76fe0b-e0f8-49d5-885b-b564b7b0eb17" name="url" userInput="false" value="orchestra://Doors/DOORS%20Database%5Ff6492f44%2FSampleProjectForOrchestra%2DSeq3%2E3%2DSeq4%2DSeq5/Module/000001e1"/>
                </tgo:action>
                <tgo:action description="Create the new campaign dashboard from the template" icon="check2.png" id="aff44e89-d13e-42a4-8992-ac5367c5d03e" name="Create dashboard for a new campaign" serviceId="Create spreadsheet from template" visibleUnderServiceChilds="false">
                    <tgo:roleFilter name=""/>
                    <tgo:param description="Path of template to use" id="4cd3f22f-a6f8-480b-aee8-3f8a22314605" name="templateFilePath" userInput="false" value="${PRJ_DOC_TMPL-IVV_DASHBOARD}"/>
                    <tgo:param description="Repository path where to create document" id="0e8bb208-d8f4-4a75-a59f-0c06a40eddaa" name="destinationFolderPath" userInput="false" value="${PRJ_DATA_HOME-IVV_DASHBOARDS}"/>
                </tgo:action>
                <tgo:action description="Access the dashboards and use the one dedicated to the campaign of interest" icon="check2.png" id="67492fd2-b60a-473b-ba5a-5ac921fe30e3" name="Initialise / update a campaign dashboard and repository" serviceId="Program launcher" visibleUnderServiceChilds="false">
                    <tgo:roleFilter name=""/>
                    <tgo:param description="Command to launch. (Do not add program arguments here.)" id="4ba5689d-ca05-4783-948a-276643a7fb57" name="command" userInput="false" value="${\Host\Tool\SYS_TOOL_FILE_CMD-EXPLORER}"/>
                    <tgo:param description="When you add an argument containing spaces (a path for example), enclose argument using double-quotes (“)" id="e5db8928-7f5c-49c4-b072-523432fe35c7" name="arg1" userInput="false" value="${PRJ_DATA_HOME-IVV_DASHBOARDS}"/>
                </tgo:action>
            </tgo:activity>
            <tgo:activity description="Perform the tests for a defined test campaign" icon="tree_worker1.png" id="3ab4944a-7ab2-49af-81c6-ecff511002b8" name="Perform test campaign">
                <tgo:roleFilter name=""/>
                <tgo:action description="Access the dashboards and use the one dedicated to the campaign of interest" icon="check2.png" id="c7ce6e9a-28a4-40fa-ac91-afcaa08438eb" name="Access a campaign dashboard" serviceId="Program launcher" visibleUnderServiceChilds="false">
                    <tgo:roleFilter name=""/>
                    <tgo:param description="Command to launch. (Do not add program arguments here.)" id="c102a476-adf5-482d-a45e-425f3c12742a" name="command" userInput="false" value="${\Host\Tool\SYS_TOOL_FILE_CMD-EXPLORER}"/>
                    <tgo:param description="When you add an argument containing spaces (a path for example), enclose argument using double-quotes (“)" id="7d6a27a9-8e1b-44ea-a4d0-59c30a76e926" name="arg1" userInput="false" value="${PRJ_DATA_HOME-IVV_DASHBOARDS}"/>
                </tgo:action>
            </tgo:activity>
            <tgo:activity description="Consolidate the test campaign results and establish traceability to test definition and requirements" icon="tree_taskcoach.png" id="2c38df02-91fb-45db-966f-7a2815ccfb60" name="Consolidate test campaign">
                <tgo:roleFilter name=""/>
                <tgo:action description="Consolidate the test results and get detailled information for the related defects" icon="taskcoach.png" id="fedb4c11-35e9-4aad-a939-dc568ecf5836" name="Consolidate results and defects" serviceId="Program launcher" visibleUnderServiceChilds="false">
                    <tgo:roleFilter name=""/>
                    <tgo:param description="Command to launch. (Do not add program arguments here.)" id="2db1efbf-f4f2-489b-82f3-83afb8a4e3b4" name="command" userInput="false" value="${\Host\Tool\SYS_TOOL_FILE_CMD-EXPLORER}"/>
                    <tgo:param description="When you add an argument containing spaces (a path for example), enclose argument using double-quotes (“)" id="a192dbb8-d2bf-4bdb-864a-17a0c1a3ef1d" name="arg1" userInput="false" value="${PRJ_DATA_HOME-IVV_DASHBOARDS}"/>
                </tgo:action>
                <tgo:action description="Import the results in the requirement management domain to establish traceability to requirements and test definition" icon="ci-01.png" id="c960f654-71d4-4b79-bdcb-3b21b3063bc3" name="Import results" serviceId="Open URL" visibleUnderServiceChilds="false">
                    <tgo:roleFilter name=""/>
                    <tgo:param description="URL to open. &#13;&#10;Used the syntax : &#13;&#10;For a file: file:///FilePath (ex: file:///C:\Program Files)&#13;&#10;For an URL : http://URL (ex: http://www.google.fr)" id="3c2eecc9-14e5-490e-8537-c9e802bcc4f4" name="url" userInput="false" value="doors://150.2.39.101:36677/?version=1,prodID=0,dbid=4a30ceeb76181b63,container=000001e0"/>
                </tgo:action>
                <tgo:actionGroup description="Generate traceability matrixes between requirements, tests and results" icon="traceability2.png" id="4e7f5fdd-0456-41ab-b196-8e4d391d79bd" name="Generate Traceability matrixes" visibleUnderServiceChilds="false">
                    <tgo:roleFilter name=""/>
                    <tgo:action description="From the test campaign definition, establish traceability matrix test definition vs. test result" icon="traceability2.png" id="23871caa-05e3-4b1d-9fd5-8f8dca5c3f2c" name="Generate tracability matrix test / results" serviceId="Open URL" visibleUnderServiceChilds="false">
                        <tgo:roleFilter name=""/>
                        <tgo:param description="URL to open. &#13;&#10;Used the syntax : &#13;&#10;For a file: file:///FilePath (ex: file:///C:\Program Files)&#13;&#10;For an URL : http://URL (ex: http://www.google.fr)" id="b5d0f011-057f-453a-a535-ddc2b6fbd018" name="url" userInput="false" value="orchestra://Doors/DOORS%20Database%5F68b726fa%2FSampleProjectForOrchestra%2DModifySolution/Module/00002d21"/>
                    </tgo:action>
                    <tgo:action description="From the system requirements, establish traceability matrix requirement vs covering test definition vs test result" icon="traceability2.png" id="c8aabb3e-3563-4c32-af54-5852b2ec19e2" name="Generate traceability matrix requirements / tests / results" serviceId="Open URL" visibleUnderServiceChilds="false">
                        <tgo:roleFilter name=""/>
                        <tgo:param description="URL to open. &#13;&#10;Used the syntax : &#13;&#10;For a file: file:///FilePath (ex: file:///C:\Program Files)&#13;&#10;For an URL : http://URL (ex: http://www.google.fr)" id="caa2f389-5225-45f1-ab6b-06cd2f802519" name="url" userInput="false" value="orchestra://Doors/DOORS%20Database%5F68b726fa%2FSampleProjectForOrchestra%2DModifySolution/Module/00002d00"/>
                    </tgo:action>
                </tgo:actionGroup>
            </tgo:activity>
            <tgo:activity description="Produce the specification documents based on the engineering data produced during this phase" icon="tree_publish7.png" id="dcb97878-e056-4b99-82a4-9fe0f4f9f7da" name="Produce the related documents">
                <tgo:roleFilter name=""/>
                <tgo:variable category="Data" name="PRJ_DOC_ID-ORCSE_STx" value="ORCSE_STx"/>
                <tgo:action description="Access the other artefacts needed for document production" icon="data_collection4.png" id="17c4003c-ea9b-45e8-b360-fc70198b2d54" name="Other artefacts" serviceId="Program launcher" visibleUnderServiceChilds="false">
                    <tgo:roleFilter name=""/>
                    <tgo:param description="Command to launch. (Do not add program arguments here.)" id="1ab398dd-dd1b-4f6d-a30b-219fea5055b2" name="command" userInput="false" value="${\Host\Tool\SYS_TOOL_FILE_CMD-EXPLORER}"/>
                    <tgo:param description="When you add an argument containing spaces (a path for example), enclose argument using double-quotes (“)" id="afadc61b-2caa-45d6-926a-c1271bfad698" name="arg1" userInput="false" value="${PRJ_DATA_HOME-ARTIFACTS_IVV}"/>
                </tgo:action>
                <tgo:activity description="Produce the System/Software Test Plan" icon="book6.png" id="a779effc-19c2-43a7-b310-7f3815030d6b" name="STP">
                    <tgo:roleFilter name=""/>
                    <tgo:variable category="Data" name="PRJ_DOC_ID-ORCSE_STx" value="${PRJ_DOC_ID-ORCSE_STP}"/>
                    <tgo:actionGroup description="Create a new document based on the engineering data" icon="book3.png" id="365d460f-fb60-4110-b9b1-185210c14bb4" name="Document definition" visibleUnderServiceChilds="false">
                        <tgo:roleFilter name=""/>
                        <tgo:action description="Define what are the needed engineering data and how the document shall be published" icon="book3.png" id="1bcd2460-1e3b-49a2-89ee-78c7b3184912" name="Configure the document generation" serviceId="Open documentary project" visibleUnderServiceChilds="false">
                            <tgo:roleFilter name=""/>
                            <tgo:param description="Documentary project name" id="8f58e552-74a9-474f-9e7c-748696c47bc2" name="projectName" userInput="false" value="${PRJ_DOC_ID-ORCSE_STx}"/>
                        </tgo:action>
                    </tgo:actionGroup>
                    <tgo:action description="Generate a new release of an existing document" icon="build.png" id="dee5cee2-0fcf-462d-aede-545586c48037" name="Generate the new release" serviceId="Regenerate composite document" visibleUnderServiceChilds="false">
                        <tgo:roleFilter name=""/>
                        <tgo:param description="Documentary project name" id="7139681d-d35a-4315-ba4f-80b60c211a30" name="projectName" userInput="false" value="${PRJ_DOC_ID-ORCSE_STx}"/>
                    </tgo:action>
                    <tgo:action description="View the current version of a generated document" icon="publish7.png" id="063cbd42-8521-4c5e-967a-151481fae362" name="Access the generated document" serviceId="Open composite document" visibleUnderServiceChilds="false">
                        <tgo:roleFilter name=""/>
                        <tgo:param description="Documentary project name" id="5fab5f57-441d-45be-9456-db310eb384e9" name="projectName" userInput="false" value="${PRJ_DOC_ID-ORCSE_STx}"/>
                    </tgo:action>
                </tgo:activity>
                <tgo:activity description="Produce the System/Software Test Document" icon="book6.png" id="1dc974a3-2389-40c2-963d-c46fa89068a7" name="STD">
                    <tgo:roleFilter name=""/>
                    <tgo:variable category="Data" name="PRJ_DOC_ID-ORCSE_STx" value="${PRJ_DOC_ID-ORCSE_STD}"/>
                    <tgo:actionGroup description="Create a new document based on the engineering data" icon="book3.png" id="a655a6a8-48cb-4a31-9dc6-0728a640a240" name="Document definition" visibleUnderServiceChilds="false">
                        <tgo:roleFilter name=""/>
                        <tgo:action description="Define what are the needed engineering data and how the document shall be published" icon="book3.png" id="e9283696-3418-4113-94e6-298482e6342a" name="Configure the document generation" serviceId="Open documentary project" visibleUnderServiceChilds="false">
                            <tgo:roleFilter name=""/>
                            <tgo:param description="Documentary project name" id="a8db0d80-b5c1-4865-a045-860c36af0630" name="projectName" userInput="false" value="${PRJ_DOC_ID-ORCSE_STx}"/>
                        </tgo:action>
                    </tgo:actionGroup>
                    <tgo:action description="Generate a new release of an existing document" icon="build.png" id="5b87fd6f-1482-42e3-aa31-d86d7f4fe242" name="Generate the new release" serviceId="Regenerate composite document" visibleUnderServiceChilds="false">
                        <tgo:roleFilter name=""/>
                        <tgo:param description="Documentary project name" id="ebfb4b44-c27c-4bf2-892b-bb7352ba0f33" name="projectName" userInput="false" value="${PRJ_DOC_ID-ORCSE_STx}"/>
                    </tgo:action>
                    <tgo:action description="View the current version of a generated document" icon="publish7.png" id="f9c22b84-2510-4fa9-b2cc-3a07d722bb5c" name="Access the generated document" serviceId="Open composite document" visibleUnderServiceChilds="false">
                        <tgo:roleFilter name=""/>
                        <tgo:param description="Documentary project name" id="c1862197-7c58-4f39-a1d7-ee5f685e228b" name="projectName" userInput="false" value="${PRJ_DOC_ID-ORCSE_STx}"/>
                    </tgo:action>
                </tgo:activity>
                <tgo:activity description="Produce the System/Software Test Result" icon="book6.png" id="6383a627-3411-4eb0-81ff-1b82d97649fb" name="STR">
                    <tgo:roleFilter name=""/>
                    <tgo:variable category="Data" name="PRJ_DOC_ID-ORCSE_STx" value="${PRJ_DOC_ID-ORCSE_STR}"/>
                    <tgo:actionGroup description="Create a new document based on the engineering data" icon="book3.png" id="9f83f5d8-cf36-425a-bc80-a31f27ad66aa" name="Document definition" visibleUnderServiceChilds="false">
                        <tgo:roleFilter name=""/>
                        <tgo:action description="Define what are the needed engineering data and how the document shall be published" icon="book3.png" id="3894b8a7-a401-4c12-890c-f3a84a0f6189" name="Configure the document generation" serviceId="Open documentary project" visibleUnderServiceChilds="false">
                            <tgo:roleFilter name=""/>
                            <tgo:param description="Documentary project name" id="705e3775-4162-4759-98b2-b4af93396092" name="projectName" userInput="false" value="${PRJ_DOC_ID-ORCSE_STx}"/>
                        </tgo:action>
                    </tgo:actionGroup>
                    <tgo:action description="Generate a new release of an existing document" icon="build.png" id="4a1bf4bc-4da3-4abd-bb85-78cb7f1ff4a0" name="Generate the new release" serviceId="Regenerate composite document" visibleUnderServiceChilds="false">
                        <tgo:roleFilter name=""/>
                        <tgo:param description="Documentary project name" id="f9e7e07e-5c20-4b5e-a370-4c3541ad25c5" name="projectName" userInput="false" value="${PRJ_DOC_ID-ORCSE_STx}"/>
                    </tgo:action>
                    <tgo:action description="View the current version of a generated document" icon="publish7.png" id="ffd0d0a5-5709-4c04-93be-000e9e334e09" name="Access the generated document" serviceId="Open composite document" visibleUnderServiceChilds="false">
                        <tgo:roleFilter name=""/>
                        <tgo:param description="Documentary project name" id="104c5c07-daf1-4a2e-9849-de1e40cfe427" name="projectName" userInput="false" value="${PRJ_DOC_ID-ORCSE_STx}"/>
                    </tgo:action>
                </tgo:activity>
            </tgo:activity>
        </tgo:activity>
        <tgo:activity description="Manage the changes to the system" id="965276f0-d26d-472f-bb50-e2d8e9f19d57" name="Manage changes" processMap="DevelopSolution-EN-ConfManagement.png">
            <tgo:roleFilter name=""/>
            <tgo:activity description="Perform the CCB meeting (preparation, meeting and report)" icon="tree_meeting4.png" id="a05d0f1d-df82-415b-856e-a7b84d7a66d8" name="CCB">
                <tgo:roleFilter name=""/>
                <tgo:actionGroup icon="xfmail.png" id="3c4cbbcd-3d5f-4452-b1c7-2b6ae4469951" name="Prepare CCB" visibleUnderServiceChilds="false">
                    <tgo:roleFilter name=""/>
                    <tgo:action description="Get an identifier in the EDM" icon="IDcard.png" id="6a48e7ae-d45c-4c0d-a5a2-fdae7d32239a" name="New inviting" serviceId="Create a document in Documentation Management" visibleUnderServiceChilds="false">
                        <tgo:roleFilter name=""/>
                        <tgo:param description="Document Id card" id="522c9f9e-287e-4b64-99b9-7726f804fa4f" name="documentCategory" userInput="false" value="document"/>
                        <tgo:param description="Document type (syntax : documentCategory-type)" id="225e62f1-6756-44c8-a616-b90e50630cab" name="documentType" userInput="false" value="reports"/>
                        <tgo:param description="Path to the workspace" id="ae3ee111-0d04-43ef-99c9-5a010767a30f" name="workspacePath" userInput="false" value="${PRJ_PATH_WSP-MODULO}"/>
                        <tgo:param description="Activity path" id="da37e672-5b29-4e0c-a2f6-70657e393ed4" name="activityPath" userInput="false" value="${PRJ_DATA_DB-MODULO_CCB_DOCS_HOME}"/>
                        <tgo:param description="Optional IdCard parameters to set automaticly in the idcard form attr=value[|$|attr=value]" id="6b151834-127a-4641-8457-7db8e1fa76f4" name="idCardParameters" userInput="false" value="title=${PRJ_DOC_ID-ORCSE_CCB_INVITATION}|$|origin=TU|$|language=En"/>
                    </tgo:action>
                    <tgo:action description="Update the attendees list" icon="32_yast_kuser.png" id="72b13764-c0f4-4e3b-bd05-6fdf436340b3" name="Define attendees" serviceId="Open file" visibleUnderServiceChilds="false">
                        <tgo:roleFilter name=""/>
                        <tgo:param description="Path of file to open" id="168c8f14-7874-4912-bb49-ca46a6149434" name="filePath" userInput="false" value="${PRJ_DATA_HOME-ARTIFACTS_CCB}\CCBBroadcastList.xls"/>
                    </tgo:action>
                    <tgo:action description="Generate the inviting document with CR list" icon="32_tablet.png" id="39788121-ab7b-4631-9b29-3c56d65c8e9f" name="Generate inviting" serviceId="Regenerate composite document" visibleUnderServiceChilds="false">
                        <tgo:roleFilter name=""/>
                        <tgo:param description="Documentary project name" id="1987a2a4-644f-45c1-aa5c-1890629c4093" name="projectName" userInput="false" value="${PRJ_DOC_ID-ORCSE_CCB_INVITATION}"/>
                    </tgo:action>
                    <tgo:action description="Open the file explorer in the folder where the document has been created" icon="writeDoc.png" id="2f3051e0-4919-44bf-85bf-e413a3c7f51e" name="Edit inviting" serviceId="Open composite document" visibleUnderServiceChilds="false">
                        <tgo:roleFilter name=""/>
                    </tgo:action>
                    <tgo:action description="Plan and notify from Calendar" icon="calendar.png" id="ef9fb136-f4ff-414a-b4d7-ed078be80e35" name="Plan CCB" serviceId="Program launcher" visibleUnderServiceChilds="false">
                        <tgo:roleFilter name=""/>
                        <tgo:param description="Command to launch. (Do not add program arguments here.)" id="f7c9a288-3217-4d97-8a38-13d8d88afcab" name="command" userInput="false" value="${\Host\Tool\SYS_TOOL_EXE-OCALENDAR}"/>
                    </tgo:action>
                    <tgo:action description="Send the inviting document by email" icon="mail4.png" id="250b92fb-8c52-4956-8296-d080ff877dcf" name="Broadcast inviting" serviceId="Send mail" visibleUnderServiceChilds="false">
                        <tgo:roleFilter name=""/>
                        <tgo:param description="Address of the mailing server." id="79cf3c8b-bc8b-4322-896e-9090e72385e2" name="emailServerAddress" userInput="false" value="${PRJ_TOOL_SRV-MAIL_SRVR_ADDR}"/>
                        <tgo:param description="Sender's Internet address." id="1722a7f0-d2ed-4cbf-9795-15db39910264" name="from" userInput="false" value="${\User\Data\USR_DATA_MAIL-USER_ADDRESS}"/>
                        <tgo:param description="List of contact : free text or ASCI file." id="e525a513-d25a-4740-b5e1-f817bf54d54e" name="to" userInput="false" value="${PRJ_DATA_HOME-ARTIFACTS_CCB}\CCBMailingList.txt"/>
                        <tgo:param description="Subject of the message." id="6890ed44-dc0e-4c9d-a6c1-a9bf58a97c18" name="subject" userInput="false" value="CCB Invitation - ${PRJ_DATA_PRJ-PROJECT_NAME}"/>
                        <tgo:param description="List of attachment : file or folder containing files to attach." id="fe322ed6-6206-4b9c-8942-6ea3eef93bcd" name="attachmentPath" userInput="false" value="${PRJ_PATH_WSP-MOZART}\${PRJ_DOC_ID-REP_MOZART_CCB}\${PRJ_DOC_ID-ORCSE_CCB_INVITATION}\publisher\doc\CCB_INVITATION.doc"/>
                        <tgo:param description="List of contact : free text or ASCII file." id="38bbf623-8b81-43a4-901c-9e13dba9c704" name="bcc" userInput="false" value="${\User\Data\USR_DATA_MAIL-USER_ADDRESS}"/>
                    </tgo:action>
                    <tgo:action description="Publish the inviting document in vault and suppress the local temporary version" icon="register.png" id="661b1a32-a21f-4f51-a592-105491c3671e" name="Publish" serviceId="Checkin in Documentation Management" visibleUnderServiceChilds="false">
                        <tgo:roleFilter name=""/>
                        <tgo:param description="Document Id card" id="69eabd7a-1579-4dca-815b-3b13c04de24c" name="documentCategory" userInput="false" value="document"/>
                        <tgo:param description="Document type (syntax : documentCategory-type)" id="4f049e05-f447-4c4d-8173-2a3d4e87ba7b" name="documentType" userInput="false" value="reports"/>
                        <tgo:param description="Path to the workspace" id="c910abe8-8f86-4c89-9574-2335d1abb119" name="workspacePath" userInput="false" value="${PRJ_PATH_WSP-MODULO}"/>
                        <tgo:param description="Document status" id="cb266f12-18ed-4af9-b78d-7bd5d449769a" name="documentStatus" userInput="false" value="${PRJ_DATA_DB-MODULO_TERMINATED_STATUS}"/>
                        <tgo:param description="Path of the file to checkin" id="c9301346-3d9d-44d0-965c-aec09cc0a8ef" name="checkinFilePath" userInput="false" value="${PRJ_PATH_WSP-MOZART}\${PRJ_DOC_ID-REP_MOZART_CCB}\${PRJ_DOC_ID-ORCSE_CCB_INVITATION}\publisher\doc\CCB_INVITATION.doc"/>
                        <tgo:param description="Activity path" id="2a005082-8ef5-4432-9cdf-e5aa598e0239" name="activityPath" userInput="false" value="SampleProject4Orchestra|$|Engineering activities|$|Manage changes|$|CCB"/>
                    </tgo:action>
                </tgo:actionGroup>
                <tgo:actionGroup icon="yast_sysadmin.png" id="896299bc-2e30-4867-8bc0-752e6d4762eb" name="Lead CCB" visibleUnderServiceChilds="false">
                    <tgo:roleFilter name=""/>
                    <tgo:action description="Record the start date and time of the meeting for report generation" icon="player_play.png" id="2d080ac0-bb6c-4862-a9c6-0be55cc541ee" name="Start the meeting" serviceId="Program launcher" visibleUnderServiceChilds="false">
                        <tgo:roleFilter name=""/>
                        <tgo:param description="Command to launch. (Do not add program arguments here.)" id="ccd9308b-38c7-4266-a04a-b22c9c08bf31" name="command" userInput="false" value="${PRJ_TOOL_HOME-CCB}\start_Meeting.bat"/>
                        <tgo:param description="Working directory for the program execution." id="14ce54e1-3d5b-49b5-8730-4e6f4439794d" name="workingDirectoryPath" userInput="false" value="${PRJ_TOOL_HOME-CCB}"/>
                    </tgo:action>
                    <tgo:action description="Display the list of problem reports that has to be treated" icon="conf_change.png" id="abfb0f7d-a0e5-4960-a97c-1ebbf00a8200" name="Analyse the problems" serviceId="Open URL" visibleUnderServiceChilds="false">
                        <tgo:roleFilter name=""/>
                        <tgo:param description="URL to open. &#13;&#10;Used the syntax : &#13;&#10;For a file: file:///FilePath (ex: file:///C:\Program Files)&#13;&#10;For an URL : http://URL (ex: http://www.google.fr)" id="5a68f245-a59d-40cc-b0e2-b24b982fc6f8" name="url" userInput="false" value="http://vmo20/cqweb/#/7.0.0/prod/QUERY/33569661&amp;format=HTML&amp;noframes=true"/>
                    </tgo:action>
                    <tgo:action description="Display the list of enhancement requests that has to be treated" icon="conf_change.png" id="43947c92-87df-4249-b799-b0a31c4139cf" name="Analyse the enhancements" serviceId="Open URL" visibleUnderServiceChilds="false">
                        <tgo:roleFilter name=""/>
                        <tgo:param description="URL to open. &#13;&#10;Used the syntax : &#13;&#10;For a file: file:///FilePath (ex: file:///C:\Program Files)&#13;&#10;For an URL : http://URL (ex: http://www.google.fr)" id="823e2459-528b-4c08-b117-e6c6f275707b" name="url" userInput="false" value="http://vmo20/cqweb/restapi/7.0.0/prod/QUERY/33569660?format=HTML&amp;noframes=true"/>
                    </tgo:action>
                    <tgo:action description="Display the list of requests that have to be closed" icon="conf_change.png" id="5f0d8c74-9897-4c56-a76c-9e6cb85fa4bc" name="Analyse the requests to close" serviceId="Open URL" visibleUnderServiceChilds="false">
                        <tgo:roleFilter name=""/>
                        <tgo:param description="URL to open. &#13;&#10;Used the syntax : &#13;&#10;For a file: file:///FilePath (ex: file:///C:\Program Files)&#13;&#10;For an URL : http://URL (ex: http://www.google.fr)" id="98e640d0-0e7d-4c82-8ce5-05a27f2de183" name="url" userInput="false" value="http://vmo20/cqweb/restapi/7.0.0/prod/QUERY/33569662?format=HTML&amp;noframes=true"/>
                    </tgo:action>
                    <tgo:action description="Record the end date and time of the meeting for report generation" icon="player_stop.png" id="00f3df7b-b19d-47b8-a98d-552d6f72d6ec" name="End the meeting" serviceId="Program launcher" visibleUnderServiceChilds="false">
                        <tgo:roleFilter name=""/>
                        <tgo:param description="Command to launch. (Do not add program arguments here.)" id="b10b21fb-bf64-4790-b79c-7f933f36b94f" name="command" userInput="false" value="${PRJ_TOOL_HOME-CCB}\end_Meeting.bat"/>
                        <tgo:param description="Working directory for the program execution." id="852c25eb-d609-4b3f-ace6-817ab17835ba" name="workingDirectoryPath" userInput="false" value="${PRJ_TOOL_HOME-CCB}"/>
                    </tgo:action>
                </tgo:actionGroup>
                <tgo:actionGroup icon="korganizer.png" id="b0183cbc-892b-4e1e-a9d8-e5576fe3388f" name="Establish CCB report" visibleUnderServiceChilds="false">
                    <tgo:roleFilter name=""/>
                    <tgo:action description="Get an identifier in the EDM" icon="IDcard.png" id="1c928b5c-917e-49da-9989-428865e44a36" name="New report" serviceId="Create a document in Documentation Management" visibleUnderServiceChilds="false">
                        <tgo:roleFilter name=""/>
                        <tgo:param description="Document Id card" id="6a5557e1-1366-4fa3-bba9-854a1bebdf9a" name="documentCategory" userInput="false" value="document"/>
                        <tgo:param description="Document type (syntax : documentCategory-type)" id="0ad2640f-a245-4033-a8ab-5ef97e749de5" name="documentType" userInput="false" value="reports"/>
                        <tgo:param description="Path to the workspace" id="94a16dd3-6981-49d8-9464-1a591213b8c4" name="workspacePath" userInput="false" value="${PRJ_PATH_WSP-MODULO}"/>
                        <tgo:param description="Activity path" id="9ef284e9-e96b-45cb-8ec1-39a31e1347ed" name="activityPath" userInput="false" value="SampleProject4Orchestra|$|Engineering activities|$|Manage changes|$|CCB"/>
                        <tgo:param description="Optional IdCard parameters to set automaticly in the idcard form attr=value[|$|attr=value]" id="451a7b1b-7a6c-4026-ba25-4f022a282319" name="idCardParameters" userInput="false" value="title=${PRJ_DOC_ID-ORCSE_CCB_REPORT}|$|origin=TU|$|language=En"/>
                    </tgo:action>
                    <tgo:action description="Check-out the document to generate a new revision" icon="repository.png" id="61e792d4-3717-4fd4-8a32-89cf7252e90d" name="New revision" serviceId="Checkout from Documentation Management" visibleUnderServiceChilds="false">
                        <tgo:roleFilter name=""/>
                        <tgo:param description="Document Id card" id="ffd2aa9e-3483-48cc-9002-a60366cc2219" name="documentCategory" userInput="false" value="document"/>
                        <tgo:param description="Document type (syntax : documentCategory-type)" id="65366151-cab0-4bcb-ac43-a92ca7536a3d" name="documentType" userInput="false" value="reports"/>
                        <tgo:param description="Path to the workspace" id="1ad2e852-3844-4a2b-8b1f-1fe6e9de9845" name="workspacePath" userInput="false" value="${PRJ_PATH_WSP-MODULO}"/>
                        <tgo:param description="Activity path" id="9551f09b-df68-41ec-a706-4a8454066fa3" name="activityPath" userInput="false" value="SampleProject4Orchestra|$|Engineering activities|$|Manage changes|$|CCB"/>
                    </tgo:action>
                    <tgo:action icon="32_yast_kuser.png" id="7e0fb7d7-ef9c-4378-94d2-9b1239e4095c" name="Edit the attendees list" serviceId="Open file" visibleUnderServiceChilds="false">
                        <tgo:roleFilter name=""/>
                        <tgo:param description="Path of file to open" id="c535f364-3696-46af-b062-86fb123f7f51" name="filePath" userInput="false" value="${PRJ_DATA_HOME-ARTIFACTS_CCB}\CCBBroadcastList.xls"/>
                    </tgo:action>
                    <tgo:action description="Analyse the related indicators" icon="32_kchart.png" id="74cd1773-c216-40c3-a870-862d73b5d3e1" name="Analyse indicators" serviceId="Open file" visibleUnderServiceChilds="false">
                        <tgo:roleFilter name=""/>
                        <tgo:param description="Path of file to open" id="16c29fe0-18e4-46ac-bcdd-c02216fef14b" name="filePath" userInput="false" value="${PRJ_DATA_HOME-ARTIFACTS_CCB}\CCB_Metric.xls"/>
                    </tgo:action>
                    <tgo:action icon="xedit.png" id="6777db09-5e56-4adf-a3eb-ac0e437b5123" name="Edit the meeting characteristics" serviceId="Open file" visibleUnderServiceChilds="false">
                        <tgo:roleFilter name=""/>
                        <tgo:param description="Path of file to open" id="49b20e54-5823-4769-a713-88c2b9343042" name="filePath" userInput="false" value="${PRJ_TOOL_HOME-CCB}\Last_CCB_Schedule.txt"/>
                    </tgo:action>
                    <tgo:action description="Update the queries according to the meeting time slot" icon="CQPerl.png" id="c2297aff-a0a5-46e2-aaf5-4fd4be6b2ae1" name="Update CCB Queries" serviceId="Program launcher" visibleUnderServiceChilds="false">
                        <tgo:roleFilter name=""/>
                        <tgo:param description="Command to launch. (Do not add program arguments here.)" id="cccb6a45-7f33-456b-8e69-b3597e2908a2" name="command" userInput="false" value="${PRJ_TOOL_HOME-CCB}\ModifyCCBQueries.bat"/>
                        <tgo:param description="Working directory for the program execution." id="7fb6495d-5848-4b71-bae5-5e123532e8f6" name="workingDirectoryPath" userInput="false" value="${PRJ_TOOL_HOME-CCB}"/>
                    </tgo:action>
                    <tgo:action description="Generate the CCB report" icon="32_tablet.png" id="138f59c7-d8fd-4afe-8555-699b505861d8" name="Generate the report" serviceId="Regenerate composite document" visibleUnderServiceChilds="false">
                        <tgo:roleFilter name=""/>
                        <tgo:param description="Documentary project name" id="9a922b00-4fc0-4a58-8842-1015bef6e989" name="projectName" userInput="false" value="${PRJ_DOC_ID-ORCSE_CCB_REPORT}"/>
                    </tgo:action>
                    <tgo:action description="Edit the local temporary version of the report" icon="writeDoc.png" id="01e21682-e5f5-4da9-be72-c9ef4cec1b65" name="Edit the report" serviceId="Open composite document" visibleUnderServiceChilds="false">
                        <tgo:roleFilter name=""/>
                        <tgo:param description="Name of the documentary project. &#13;&#10;Example: &quot;myProject&quot;" id="094c0505-8337-494c-9203-f7966d11ac8f" name="projectName" userInput="false" value="${PRJ_DOC_ID-ORCSE_CCB_REPORT}"/>
                    </tgo:action>
                    <tgo:action description="Send the CCB report by email" icon="mail4.png" id="ccc5725b-ea10-4da2-aa42-363399970402" name="Broadcast report" serviceId="Send mail" visibleUnderServiceChilds="false">
                        <tgo:roleFilter name=""/>
                        <tgo:param description="Address of the mailing server." id="0aa75dba-1c5e-44fd-9722-979a61b3eadb" name="emailServerAddress" userInput="false" value="${PRJ_TOOL_SRV-MAIL_SRVR_ADDR}"/>
                        <tgo:param description="Sender's Internet address." id="d8d6ff92-0dfd-48a9-a00a-c3347059a59f" name="from" userInput="false" value="${\User\Data\USR_DATA_MAIL-USER_ADDRESS}"/>
                        <tgo:param description="List of contact : free text or ASCI file." id="0ac009f0-3d8e-4e52-9b6e-8921a47367f1" name="to" userInput="false" value="${PRJ_DATA_HOME-ARTIFACTS_CCB}\CCBMailingList.txt"/>
                        <tgo:param description="Subject of the message." id="58e5fb25-e795-4669-be2e-c3b5e67568cd" name="subject" userInput="false" value="CCB Report - ${PRJ_DATA_PRJ-PROJECT_NAME}"/>
                        <tgo:param description="List of attachment : file or folder containing files to attach." id="1c22a9ce-56ad-4371-b8ad-929aa994d7ad" name="attachmentPath" userInput="false" value="${PRJ_PATH_WSP-MOZART}\${PRJ_DOC_ID-REP_MOZART_CCB}\${PRJ_DOC_ID-ORCSE_CCB_REPORT}\publisher\doc\CCB_REPORT.doc"/>
                        <tgo:param description="List of contact : free text or ASCI file." id="aa56300a-d676-4b49-b393-e3302b60ec5b" name="bcc" userInput="false" value="${\User\Data\USR_DATA_MAIL-USER_ADDRESS}"/>
                    </tgo:action>
                    <tgo:action description="Publish the inviting document in vault and suppress the local temporary version" icon="register.png" id="72bc5a1c-593a-4652-a185-3d75d31aa1d5" name="Publish" serviceId="Checkin in Documentation Management" visibleUnderServiceChilds="false">
                        <tgo:roleFilter name=""/>
                        <tgo:param description="Document Id card" id="1cf717b5-92a2-40c3-b134-b66692aab841" name="documentCategory" userInput="false" value="document"/>
                        <tgo:param description="Document type (syntax : documentCategory-type)" id="63e549da-2ac3-482e-b17e-8863eee103e9" name="documentType" userInput="false" value="reports"/>
                        <tgo:param description="Path to the workspace" id="3d8b5de5-e723-480a-bcac-df03fc8177f7" name="workspacePath" userInput="false" value="${PRJ_PATH_WSP-MODULO}"/>
                        <tgo:param description="Document status" id="a65e1eef-4d9c-4e52-9eb0-1d4e038df669" name="documentStatus" userInput="false" value="${PRJ_DATA_DB-MODULO_TERMINATED_STATUS}"/>
                        <tgo:param description="Path of the file to checkin" id="6dfa1d81-295a-4824-b68f-1c6e28281937" name="checkinFilePath" userInput="false" value="${PRJ_PATH_WSP-MOZART}\${PRJ_DOC_ID-REP_MOZART_CCB}\${PRJ_DOC_ID-ORCSE_CCB_REPORT}\publisher\doc\CCB_REPORT.doc"/>
                        <tgo:param description="Activity path" id="706ef506-c4c3-4c98-91e3-c221a22f4b18" name="activityPath" userInput="false" value="SampleProject4Orchestra|$|Engineering activities|$|Manage changes|$|CCB"/>
                    </tgo:action>
                </tgo:actionGroup>
            </tgo:activity>
        </tgo:activity>
    </tgo:activity>
    <tgo:activity description="Find here management activities (continuous improvement, progress meetings, ...)" id="bfeb555a-7d69-43b1-bbfe-96fb87ba4e24" name="Management activities" processMap="DevelopSolution-EN-ManagementActivities.png">
        <tgo:roleFilter name=""/>
        <tgo:activity description="Produce metrics related to engineering progress" icon="tree_indicator3.png" id="db86d24c-671b-4e51-b884-d46592168f37" name="Measure and analyse">
            <tgo:roleFilter name=""/>
            <tgo:actionGroup icon="build.png" id="583bf4dd-1801-4f6b-8054-85248d1974c4" name="Extract derived measures" visibleUnderServiceChilds="false">
                <tgo:roleFilter name=""/>
                <tgo:action icon="requirements2.png" id="b2f2ac6c-e6ca-4297-a75a-e274fd72a1af" name="Specification metrics" serviceId="Open file" visibleUnderServiceChilds="false">
                    <tgo:roleFilter name=""/>
                    <tgo:param description="file to open" id="48de5c68-7dcc-4240-b21f-c72fc2b27c68" name="filePath" userInput="false" value="${PRJ_DATA_HOME-METRICS_REQ_MNGT}\ReqMgt_Data_Extraction.xls"/>
                </tgo:action>
                <tgo:action icon="check1.png" id="d41c3fb8-729d-4b77-864a-202b513d4f2f" name="IVV metrics" serviceId="Open file" visibleUnderServiceChilds="false">
                    <tgo:roleFilter name=""/>
                    <tgo:param description="file to open" id="c329e1b2-c82b-41d1-bde7-17347079e08d" name="filePath" userInput="false" value="${PRJ_DATA_HOME-METRICS_IVV_MNGT}\IVVMgt_Data_Extraction.xls"/>
                </tgo:action>
                <tgo:action icon="update3.png" id="7040972b-8578-48a6-b431-db5f985303b2" name="Change Mngt metrics" serviceId="Open file" visibleUnderServiceChilds="false">
                    <tgo:roleFilter name=""/>
                    <tgo:param description="file to open" id="4e09da4e-afa6-4ea3-9be5-0ff064b4fa02" name="filePath" userInput="false" value="${PRJ_DATA_HOME-METRICS_CHANGE_MNGT}\ChgtMgt_Data_Extraction.xls"/>
                </tgo:action>
            </tgo:actionGroup>
            <tgo:actionGroup icon="data_collection3.png" id="6e20d591-c8af-4daf-83b1-60063bd595c1" name="Capitalize(d) data" visibleUnderServiceChilds="false">
                <tgo:roleFilter name=""/>
                <tgo:action icon="requirements2.png" id="3ed1f9f0-c6d8-4740-8581-1677372f3bf6" name="Specification metrics" serviceId="Open file" visibleUnderServiceChilds="false">
                    <tgo:roleFilter name=""/>
                    <tgo:param description="file to open" id="9da48ec9-44af-42a5-801b-6b5d8239fcc1" name="filePath" userInput="false" value="${PRJ_DATA_HOME-METRICS_REQ_MNGT}\ReqMgt_Data_Capitalization.xls"/>
                </tgo:action>
                <tgo:action icon="check1.png" id="e208be35-d9e2-4fa0-b77f-fd2220df9e4c" name="IVV metrics" serviceId="Open file" visibleUnderServiceChilds="false">
                    <tgo:roleFilter name=""/>
                    <tgo:param description="file to open" id="0169a044-ae50-4e8f-8e6a-ee2bff75da6e" name="filePath" userInput="false" value="${PRJ_DATA_HOME-METRICS_IVV_MNGT}\IVVMgt_Data_Capitalization.xls"/>
                </tgo:action>
                <tgo:action icon="update3.png" id="83328206-a35a-4d17-abc7-ed9d85ca8d04" name="Change Mngt metrics" serviceId="Open file" visibleUnderServiceChilds="false">
                    <tgo:roleFilter name=""/>
                    <tgo:param description="file to open" id="7e2d7b7e-0e0e-4fd2-b408-e1332536a141" name="filePath" userInput="false" value="${PRJ_DATA_HOME-METRICS_CHANGE_MNGT}\ChgtMgt_Data_Capitalization.xls"/>
                </tgo:action>
                <tgo:action icon="update3.png" id="7725b933-4232-4af2-b8f1-7685a06706ec" name="Change Mngt rendering metrics" serviceId="Open file" visibleUnderServiceChilds="false">
                    <tgo:roleFilter name=""/>
                    <tgo:param description="file to open" id="5b897403-9ac6-4b2d-b409-78f52079b235" name="filePath" userInput="false" value="${PRJ_DATA_HOME-METRICS_CHANGE_MNGT}\ChgtMgt_Data_Rendering.xls"/>
                </tgo:action>
            </tgo:actionGroup>
        </tgo:activity>
    </tgo:activity>
</tgo:project>
